// Jest Snapshot v1, https://goo.gl/fbAQLP

exports[`CreateGroup when the command is valid should succeed 1`] = `
CoscradUserGroup {
  "description": "this group is for teachers from community schools",
  "eventHistory": Array [
    Object {
      "meta": Object {
        "dateCreated": 1664237194356,
        "id": "41fb2d7f-c483-4e09-a1f0-e9909a6b0002",
        "userId": "system4d-3b7d-4bad-9bdd-2b0d70userid",
      },
      "payload": Object {
        "aggregateCompositeIdentifier": Object {
          "id": "41fb2d7f-c483-4e09-a1f0-e9909a6b0001",
          "type": "userGroup",
        },
        "description": "this group is for teachers from community schools",
        "label": "teachers",
      },
      "type": "USER_GROUP_CREATED",
    },
  ],
  "getCompositeIdentifier": [Function],
  "id": "41fb2d7f-c483-4e09-a1f0-e9909a6b0001",
  "label": "teachers",
  "type": "userGroup",
  "userIds": Array [],
}
`;
