// Jest Snapshot v1, https://goo.gl/fbAQLP

exports[`ConfigService when NODE_ENV is not inherited from the process should throw 1`] = `[Error: Error: Property NODE_ENV has failed the validation constraint: is enum Environment]`;

exports[`ConfigService when all environment variables are valid the config service when reading environment variables should obtain the correct values 1`] = `
{
  "ARANGO_DB_HOST_DOMAIN": "localhost",
  "ARANGO_DB_HOST_PORT": 9595,
  "ARANGO_DB_HOST_SCHEME": "http",
  "ARANGO_DB_NAME": "sampledb",
  "ARANGO_DB_ROOT_PASSWORD": "super-confidential",
  "ARANGO_DB_USER": "username",
  "ARANGO_DB_USER_PASSWORD": "youllNEVERguess1!",
  "AUTH0_AUDIENCE": "https://bar.mydomain.ca",
  "AUTH0_ISSUER_URL": "https://foo.auth0.com/",
  "NODE_PORT": 1234,
}
`;

exports[`ConfigService when the .env contains invalid variable declarations should throw 1`] = `[Error: Error: NODE_PORT: NaN has failed validation constraint: integer,Error: NODE_PORT: NaN has failed validation constraint: positive number,Error: ARANGO_DB_USER_PASSWORD: undefined has failed validation constraint: non-empty string,Error: ARANGO_DB_USER_PASSWORD: undefined has failed validation constraint: defined value]`;
