// Jest Snapshot v1, https://goo.gl/fbAQLP

exports[`ArangoTermQueryRepository attribute when there are contributor IDs on the event meta should add the given contributions 1`] = `"English prompt created by: user 9b1deb4d-3b7d-4bad-9bdd-2b0d7b100101, user 9b1deb4d-3b7d-4bad-9bdd-2b0d7b100102, user 9b1deb4d-3b7d-4bad-9bdd-2b0d7b100103"`;
