// Jest Snapshot v1, https://goo.gl/fbAQLP

exports[`when querying for a term: fetch many when the user is a project admin should allow the user to access private resources 1`] = `
{
  "entities": [
    {
      "actions": [
        {
          "description": "Allow a user to view (but not edit) a given resource",
          "form": {
            "fields": [
              {
                "constraints": [
                  {
                    "message": "must be a UUID",
                    "name": "UUID",
                  },
                  {
                    "message": "must be a defined value",
                    "name": "defined value",
                  },
                ],
                "description": "the ID of the user who will be given permission to view this resource",
                "label": "userId",
                "name": "userId",
                "options": {
                  "aggregateType": "user",
                },
                "type": "DYNAMIC_SELECT",
              },
            ],
            "prepopulatedFields": {
              "aggregateCompositeIdentifier": {
                "id": "9b1deb4d-3b7d-4bad-9bdd-2b0d7b100102",
                "type": "term",
              },
            },
          },
          "label": "Grant Read Access to User",
          "type": "GRANT_RESOURCE_READ_ACCESS_TO_USER",
        },
        {
          "description": "Make a resource visible to the public",
          "form": {
            "fields": [],
            "prepopulatedFields": {
              "aggregateCompositeIdentifier": {
                "id": "9b1deb4d-3b7d-4bad-9bdd-2b0d7b100102",
                "type": "term",
              },
            },
          },
          "label": "Publish Resource",
          "type": "PUBLISH_RESOURCE",
        },
        {
          "description": "Translate an existing term (typically from the language to English)",
          "form": {
            "fields": [
              {
                "constraints": [
                  {
                    "message": "must be a non-empty string",
                    "name": "non-empty string",
                  },
                  {
                    "message": "must be a defined value",
                    "name": "defined value",
                  },
                ],
                "description": "translation for the given term",
                "label": "translation",
                "name": "translation",
                "type": "TEXT_FIELD",
              },
              {
                "constraints": [
                  {
                    "message": "Must be a valid \${propertyLabel}",
                    "name": "IS_ENUM",
                  },
                  {
                    "message": "Required",
                    "name": "defined value",
                  },
                ],
                "description": "language in which you are translating the term (typically English)",
                "label": "language code",
                "name": "languageCode",
                "options": [
                  {
                    "display": "Chilcotin",
                    "value": "clc",
                  },
                  {
                    "display": "Haida",
                    "value": "hai",
                  },
                  {
                    "display": "English",
                    "value": "en",
                  },
                  {
                    "display": "French",
                    "value": "fra",
                  },
                  {
                    "display": "Chinook",
                    "value": "chn",
                  },
                  {
                    "display": "Zapotec",
                    "value": "zap",
                  },
                  {
                    "display": "Spanish",
                    "value": "spa",
                  },
                ],
                "type": "STATIC_SELECT",
              },
            ],
            "prepopulatedFields": {
              "aggregateCompositeIdentifier": {
                "id": "9b1deb4d-3b7d-4bad-9bdd-2b0d7b100102",
                "type": "term",
              },
            },
          },
          "label": "Translate Term",
          "type": "TRANSLATE_TERM",
        },
      ],
      "contributions": [],
      "id": "9b1deb4d-3b7d-4bad-9bdd-2b0d7b100102",
      "name": {
        "items": [
          {
            "languageCode": "hai",
            "role": "original",
            "text": "Term (in the language)",
          },
          {
            "languageCode": "en",
            "role": "free translation",
            "text": "Term (in English)",
          },
        ],
      },
      "tags": [],
    },
    {
      "actions": [
        {
          "description": "Allow a user to view (but not edit) a given resource",
          "form": {
            "fields": [
              {
                "constraints": [
                  {
                    "message": "must be a UUID",
                    "name": "UUID",
                  },
                  {
                    "message": "must be a defined value",
                    "name": "defined value",
                  },
                ],
                "description": "the ID of the user who will be given permission to view this resource",
                "label": "userId",
                "name": "userId",
                "options": {
                  "aggregateType": "user",
                },
                "type": "DYNAMIC_SELECT",
              },
            ],
            "prepopulatedFields": {
              "aggregateCompositeIdentifier": {
                "id": "9b1deb4d-3b7d-4bad-9bdd-2b0d7b100103",
                "type": "term",
              },
            },
          },
          "label": "Grant Read Access to User",
          "type": "GRANT_RESOURCE_READ_ACCESS_TO_USER",
        },
        {
          "description": "Make a resource visible to the public",
          "form": {
            "fields": [],
            "prepopulatedFields": {
              "aggregateCompositeIdentifier": {
                "id": "9b1deb4d-3b7d-4bad-9bdd-2b0d7b100103",
                "type": "term",
              },
            },
          },
          "label": "Publish Resource",
          "type": "PUBLISH_RESOURCE",
        },
        {
          "description": "Translate an existing term (typically from the language to English)",
          "form": {
            "fields": [
              {
                "constraints": [
                  {
                    "message": "must be a non-empty string",
                    "name": "non-empty string",
                  },
                  {
                    "message": "must be a defined value",
                    "name": "defined value",
                  },
                ],
                "description": "translation for the given term",
                "label": "translation",
                "name": "translation",
                "type": "TEXT_FIELD",
              },
              {
                "constraints": [
                  {
                    "message": "Must be a valid \${propertyLabel}",
                    "name": "IS_ENUM",
                  },
                  {
                    "message": "Required",
                    "name": "defined value",
                  },
                ],
                "description": "language in which you are translating the term (typically English)",
                "label": "language code",
                "name": "languageCode",
                "options": [
                  {
                    "display": "Chilcotin",
                    "value": "clc",
                  },
                  {
                    "display": "Haida",
                    "value": "hai",
                  },
                  {
                    "display": "English",
                    "value": "en",
                  },
                  {
                    "display": "French",
                    "value": "fra",
                  },
                  {
                    "display": "Chinook",
                    "value": "chn",
                  },
                  {
                    "display": "Zapotec",
                    "value": "zap",
                  },
                  {
                    "display": "Spanish",
                    "value": "spa",
                  },
                ],
                "type": "STATIC_SELECT",
              },
            ],
            "prepopulatedFields": {
              "aggregateCompositeIdentifier": {
                "id": "9b1deb4d-3b7d-4bad-9bdd-2b0d7b100103",
                "type": "term",
              },
            },
          },
          "label": "Translate Term",
          "type": "TRANSLATE_TERM",
        },
      ],
      "contributions": [],
      "id": "9b1deb4d-3b7d-4bad-9bdd-2b0d7b100103",
      "name": {
        "items": [
          {
            "languageCode": "hai",
            "role": "original",
            "text": "Term (in the language)",
          },
          {
            "languageCode": "en",
            "role": "free translation",
            "text": "Term (in English)",
          },
        ],
      },
      "tags": [],
    },
  ],
  "indexScopedActions": [
    {
      "description": "Create a new term in the language",
      "form": {
        "fields": [
          {
            "constraints": [
              {
                "message": "must be a non-empty string",
                "name": "non-empty string",
              },
              {
                "message": "must be a defined value",
                "name": "defined value",
              },
            ],
            "description": "text for the term (in the language)",
            "label": "text",
            "name": "text",
            "type": "TEXT_FIELD",
          },
          {
            "constraints": [
              {
                "message": "Must be a valid \${propertyLabel}",
                "name": "IS_ENUM",
              },
              {
                "message": "Required",
                "name": "defined value",
              },
            ],
            "description": "the language of this term",
            "label": "language code",
            "name": "languageCode",
            "options": [
              {
                "display": "Chilcotin",
                "value": "clc",
              },
              {
                "display": "Haida",
                "value": "hai",
              },
              {
                "display": "English",
                "value": "en",
              },
              {
                "display": "French",
                "value": "fra",
              },
              {
                "display": "Chinook",
                "value": "chn",
              },
              {
                "display": "Zapotec",
                "value": "zap",
              },
              {
                "display": "Spanish",
                "value": "spa",
              },
            ],
            "type": "STATIC_SELECT",
          },
        ],
        "prepopulatedFields": {},
      },
      "label": "Create Term",
      "type": "CREATE_TERM",
    },
    {
      "description": "Create a new Prompt Term in the language",
      "form": {
        "fields": [
          {
            "constraints": [
              {
                "message": "must be a non-empty string",
                "name": "non-empty string",
              },
              {
                "message": "must be a defined value",
                "name": "defined value",
              },
            ],
            "description": "text for the term (in English)",
            "label": "text",
            "name": "text",
            "type": "TEXT_FIELD",
          },
        ],
        "prepopulatedFields": {},
      },
      "label": "Create Prompt Term",
      "type": "CREATE_PROMPT_TERM",
    },
  ],
}
`;
