// Jest Snapshot v1, https://goo.gl/fbAQLP

exports[`when querying for a photograph: fetch many when the user is a project admin should allow the user to access private resources 1`] = `
{
  "entities": [
    {
      "accessControlList": {
        "allowedGroupIds": [],
        "allowedUserIds": [],
      },
      "actions": [
        {
          "description": "Make a resource visible to the public",
          "form": {
            "fields": [],
            "prepopulatedFields": {
              "aggregateCompositeIdentifier": {
                "id": "9b1deb4d-3b7d-4bad-9bdd-2b0d7b100101",
                "type": "photograph",
              },
            },
          },
          "label": "Publish Resource",
          "type": "PUBLISH_RESOURCE",
        },
        {
          "description": "creates a note about this particular resource",
          "form": {
            "fields": [
              {
                "constraints": [],
                "description": "system-wide unique identifier for the resource about which we are making a note",
                "label": "CompositeIdentifier",
                "name": "resourceCompositeIdentifier",
                "type": "JSON_INPUT",
              },
              {},
              {
                "constraints": [
                  {
                    "message": "must be a non-empty string",
                    "name": "non-empty string",
                  },
                  {
                    "message": "must be a defined value",
                    "name": "defined value",
                  },
                ],
                "description": "text for the note",
                "label": "text",
                "name": "text",
                "type": "TEXT_FIELD",
              },
              {
                "constraints": [
                  {
                    "message": "Must be a valid \${propertyLabel}",
                    "name": "IS_ENUM",
                  },
                  {
                    "message": "Required",
                    "name": "defined value",
                  },
                ],
                "description": "the language in which you are writing the note",
                "label": "language code",
                "name": "languageCode",
                "options": [
                  {
                    "display": "Chilcotin",
                    "value": "clc",
                  },
                  {
                    "display": "Haida",
                    "value": "hai",
                  },
                  {
                    "display": "English",
                    "value": "en",
                  },
                  {
                    "display": "French",
                    "value": "fra",
                  },
                  {
                    "display": "Chinook",
                    "value": "chn",
                  },
                  {
                    "display": "Zapotec",
                    "value": "zap",
                  },
                  {
                    "display": "Spanish",
                    "value": "spa",
                  },
                ],
                "type": "STATIC_SELECT",
              },
            ],
            "prepopulatedFields": {
              "aggregateCompositeIdentifier": {
                "id": "9b1deb4d-3b7d-4bad-9bdd-2b0d7b100101",
                "type": "photograph",
              },
            },
          },
          "label": "Create Note",
          "type": "CREATE_NOTE_ABOUT_RESOURCE",
        },
        {
          "description": "connects two resources with a note and context",
          "form": {
            "fields": [
              {
                "constraints": [],
                "description": "system-wide unique identifier for the resource to which you are making a connection",
                "label": "to member composite identifier",
                "name": "toMemberCompositeIdentifier",
                "type": "JSON_INPUT",
              },
              {},
              {
                "constraints": [],
                "description": "system-wide unique identifier for the resource from which you are making a connection",
                "label": "from member composite identifier",
                "name": "fromMemberCompositeIdentifier",
                "type": "JSON_INPUT",
              },
              {},
              {
                "constraints": [
                  {
                    "message": "must be a non-empty string",
                    "name": "non-empty string",
                  },
                  {
                    "message": "must be a defined value",
                    "name": "defined value",
                  },
                ],
                "description": "text for the note",
                "label": "text",
                "name": "text",
                "type": "TEXT_FIELD",
              },
              {
                "constraints": [
                  {
                    "message": "Must be a valid \${propertyLabel}",
                    "name": "IS_ENUM",
                  },
                  {
                    "message": "Required",
                    "name": "defined value",
                  },
                ],
                "description": "the language in which you are writing the note",
                "label": "language code",
                "name": "languageCode",
                "options": [
                  {
                    "display": "Chilcotin",
                    "value": "clc",
                  },
                  {
                    "display": "Haida",
                    "value": "hai",
                  },
                  {
                    "display": "English",
                    "value": "en",
                  },
                  {
                    "display": "French",
                    "value": "fra",
                  },
                  {
                    "display": "Chinook",
                    "value": "chn",
                  },
                  {
                    "display": "Zapotec",
                    "value": "zap",
                  },
                  {
                    "display": "Spanish",
                    "value": "spa",
                  },
                ],
                "type": "STATIC_SELECT",
              },
            ],
            "prepopulatedFields": {
              "aggregateCompositeIdentifier": {
                "id": "9b1deb4d-3b7d-4bad-9bdd-2b0d7b100101",
                "type": "photograph",
              },
            },
          },
          "label": "Connect Resources with Note",
          "type": "CONNECT_RESOURCES_WITH_NOTE",
        },
      ],
      "contributions": [
        {
          "fullName": "Dumb McContributor",
          "id": "9b1deb4d-3b7d-4bad-9bdd-2b0d7b110901",
        },
      ],
      "id": "9b1deb4d-3b7d-4bad-9bdd-2b0d7b100101",
      "isPublished": true,
      "name": {
        "items": [
          {
            "languageCode": "hai",
            "role": "original",
            "text": "Photograph Name (in the language)",
          },
          {
            "languageCode": "en",
            "role": "free translation",
            "text": "Photograph Name (in English)",
          },
        ],
      },
    },
    {
      "accessControlList": {
        "allowedGroupIds": [],
        "allowedUserIds": [
          "9b1deb4d-3b7d-4bad-9bdd-2b0d7b100004",
        ],
      },
      "actions": [
        {
          "description": "Make a resource visible to the public",
          "form": {
            "fields": [],
            "prepopulatedFields": {
              "aggregateCompositeIdentifier": {
                "id": "9b1deb4d-3b7d-4bad-9bdd-2b0d7b100103",
                "type": "photograph",
              },
            },
          },
          "label": "Publish Resource",
          "type": "PUBLISH_RESOURCE",
        },
        {
          "description": "creates a note about this particular resource",
          "form": {
            "fields": [
              {
                "constraints": [],
                "description": "system-wide unique identifier for the resource about which we are making a note",
                "label": "CompositeIdentifier",
                "name": "resourceCompositeIdentifier",
                "type": "JSON_INPUT",
              },
              {},
              {
                "constraints": [
                  {
                    "message": "must be a non-empty string",
                    "name": "non-empty string",
                  },
                  {
                    "message": "must be a defined value",
                    "name": "defined value",
                  },
                ],
                "description": "text for the note",
                "label": "text",
                "name": "text",
                "type": "TEXT_FIELD",
              },
              {
                "constraints": [
                  {
                    "message": "Must be a valid \${propertyLabel}",
                    "name": "IS_ENUM",
                  },
                  {
                    "message": "Required",
                    "name": "defined value",
                  },
                ],
                "description": "the language in which you are writing the note",
                "label": "language code",
                "name": "languageCode",
                "options": [
                  {
                    "display": "Chilcotin",
                    "value": "clc",
                  },
                  {
                    "display": "Haida",
                    "value": "hai",
                  },
                  {
                    "display": "English",
                    "value": "en",
                  },
                  {
                    "display": "French",
                    "value": "fra",
                  },
                  {
                    "display": "Chinook",
                    "value": "chn",
                  },
                  {
                    "display": "Zapotec",
                    "value": "zap",
                  },
                  {
                    "display": "Spanish",
                    "value": "spa",
                  },
                ],
                "type": "STATIC_SELECT",
              },
            ],
            "prepopulatedFields": {
              "aggregateCompositeIdentifier": {
                "id": "9b1deb4d-3b7d-4bad-9bdd-2b0d7b100103",
                "type": "photograph",
              },
            },
          },
          "label": "Create Note",
          "type": "CREATE_NOTE_ABOUT_RESOURCE",
        },
        {
          "description": "connects two resources with a note and context",
          "form": {
            "fields": [
              {
                "constraints": [],
                "description": "system-wide unique identifier for the resource to which you are making a connection",
                "label": "to member composite identifier",
                "name": "toMemberCompositeIdentifier",
                "type": "JSON_INPUT",
              },
              {},
              {
                "constraints": [],
                "description": "system-wide unique identifier for the resource from which you are making a connection",
                "label": "from member composite identifier",
                "name": "fromMemberCompositeIdentifier",
                "type": "JSON_INPUT",
              },
              {},
              {
                "constraints": [
                  {
                    "message": "must be a non-empty string",
                    "name": "non-empty string",
                  },
                  {
                    "message": "must be a defined value",
                    "name": "defined value",
                  },
                ],
                "description": "text for the note",
                "label": "text",
                "name": "text",
                "type": "TEXT_FIELD",
              },
              {
                "constraints": [
                  {
                    "message": "Must be a valid \${propertyLabel}",
                    "name": "IS_ENUM",
                  },
                  {
                    "message": "Required",
                    "name": "defined value",
                  },
                ],
                "description": "the language in which you are writing the note",
                "label": "language code",
                "name": "languageCode",
                "options": [
                  {
                    "display": "Chilcotin",
                    "value": "clc",
                  },
                  {
                    "display": "Haida",
                    "value": "hai",
                  },
                  {
                    "display": "English",
                    "value": "en",
                  },
                  {
                    "display": "French",
                    "value": "fra",
                  },
                  {
                    "display": "Chinook",
                    "value": "chn",
                  },
                  {
                    "display": "Zapotec",
                    "value": "zap",
                  },
                  {
                    "display": "Spanish",
                    "value": "spa",
                  },
                ],
                "type": "STATIC_SELECT",
              },
            ],
            "prepopulatedFields": {
              "aggregateCompositeIdentifier": {
                "id": "9b1deb4d-3b7d-4bad-9bdd-2b0d7b100103",
                "type": "photograph",
              },
            },
          },
          "label": "Connect Resources with Note",
          "type": "CONNECT_RESOURCES_WITH_NOTE",
        },
      ],
      "contributions": [
        {
          "fullName": "Dumb McContributor",
          "id": "9b1deb4d-3b7d-4bad-9bdd-2b0d7b110901",
        },
      ],
      "id": "9b1deb4d-3b7d-4bad-9bdd-2b0d7b100103",
      "isPublished": false,
      "name": {
        "items": [
          {
            "languageCode": "hai",
            "role": "original",
            "text": "Photograph Name (in the language)",
          },
          {
            "languageCode": "en",
            "role": "free translation",
            "text": "Photograph Name (in English)",
          },
        ],
      },
    },
    {
      "accessControlList": {
        "allowedGroupIds": [],
        "allowedUserIds": [],
      },
      "actions": [
        {
          "description": "Make a resource visible to the public",
          "form": {
            "fields": [],
            "prepopulatedFields": {
              "aggregateCompositeIdentifier": {
                "id": "9b1deb4d-3b7d-4bad-9bdd-2b0d7b100102",
                "type": "photograph",
              },
            },
          },
          "label": "Publish Resource",
          "type": "PUBLISH_RESOURCE",
        },
        {
          "description": "creates a note about this particular resource",
          "form": {
            "fields": [
              {
                "constraints": [],
                "description": "system-wide unique identifier for the resource about which we are making a note",
                "label": "CompositeIdentifier",
                "name": "resourceCompositeIdentifier",
                "type": "JSON_INPUT",
              },
              {},
              {
                "constraints": [
                  {
                    "message": "must be a non-empty string",
                    "name": "non-empty string",
                  },
                  {
                    "message": "must be a defined value",
                    "name": "defined value",
                  },
                ],
                "description": "text for the note",
                "label": "text",
                "name": "text",
                "type": "TEXT_FIELD",
              },
              {
                "constraints": [
                  {
                    "message": "Must be a valid \${propertyLabel}",
                    "name": "IS_ENUM",
                  },
                  {
                    "message": "Required",
                    "name": "defined value",
                  },
                ],
                "description": "the language in which you are writing the note",
                "label": "language code",
                "name": "languageCode",
                "options": [
                  {
                    "display": "Chilcotin",
                    "value": "clc",
                  },
                  {
                    "display": "Haida",
                    "value": "hai",
                  },
                  {
                    "display": "English",
                    "value": "en",
                  },
                  {
                    "display": "French",
                    "value": "fra",
                  },
                  {
                    "display": "Chinook",
                    "value": "chn",
                  },
                  {
                    "display": "Zapotec",
                    "value": "zap",
                  },
                  {
                    "display": "Spanish",
                    "value": "spa",
                  },
                ],
                "type": "STATIC_SELECT",
              },
            ],
            "prepopulatedFields": {
              "aggregateCompositeIdentifier": {
                "id": "9b1deb4d-3b7d-4bad-9bdd-2b0d7b100102",
                "type": "photograph",
              },
            },
          },
          "label": "Create Note",
          "type": "CREATE_NOTE_ABOUT_RESOURCE",
        },
        {
          "description": "connects two resources with a note and context",
          "form": {
            "fields": [
              {
                "constraints": [],
                "description": "system-wide unique identifier for the resource to which you are making a connection",
                "label": "to member composite identifier",
                "name": "toMemberCompositeIdentifier",
                "type": "JSON_INPUT",
              },
              {},
              {
                "constraints": [],
                "description": "system-wide unique identifier for the resource from which you are making a connection",
                "label": "from member composite identifier",
                "name": "fromMemberCompositeIdentifier",
                "type": "JSON_INPUT",
              },
              {},
              {
                "constraints": [
                  {
                    "message": "must be a non-empty string",
                    "name": "non-empty string",
                  },
                  {
                    "message": "must be a defined value",
                    "name": "defined value",
                  },
                ],
                "description": "text for the note",
                "label": "text",
                "name": "text",
                "type": "TEXT_FIELD",
              },
              {
                "constraints": [
                  {
                    "message": "Must be a valid \${propertyLabel}",
                    "name": "IS_ENUM",
                  },
                  {
                    "message": "Required",
                    "name": "defined value",
                  },
                ],
                "description": "the language in which you are writing the note",
                "label": "language code",
                "name": "languageCode",
                "options": [
                  {
                    "display": "Chilcotin",
                    "value": "clc",
                  },
                  {
                    "display": "Haida",
                    "value": "hai",
                  },
                  {
                    "display": "English",
                    "value": "en",
                  },
                  {
                    "display": "French",
                    "value": "fra",
                  },
                  {
                    "display": "Chinook",
                    "value": "chn",
                  },
                  {
                    "display": "Zapotec",
                    "value": "zap",
                  },
                  {
                    "display": "Spanish",
                    "value": "spa",
                  },
                ],
                "type": "STATIC_SELECT",
              },
            ],
            "prepopulatedFields": {
              "aggregateCompositeIdentifier": {
                "id": "9b1deb4d-3b7d-4bad-9bdd-2b0d7b100102",
                "type": "photograph",
              },
            },
          },
          "label": "Connect Resources with Note",
          "type": "CONNECT_RESOURCES_WITH_NOTE",
        },
      ],
      "contributions": [
        {
          "fullName": "Dumb McContributor",
          "id": "9b1deb4d-3b7d-4bad-9bdd-2b0d7b110901",
        },
      ],
      "id": "9b1deb4d-3b7d-4bad-9bdd-2b0d7b100102",
      "isPublished": false,
      "name": {
        "items": [
          {
            "languageCode": "hai",
            "role": "original",
            "text": "Photograph Name (in the language)",
          },
          {
            "languageCode": "en",
            "role": "free translation",
            "text": "Photograph Name (in English)",
          },
        ],
      },
    },
  ],
  "indexScopedActions": [],
}
`;
