// Jest Snapshot v1, https://goo.gl/fbAQLP

exports[`The Command Controller when the payload is valid should persist the result 1`] = `
[
  {
    "meta": {
      "contributorIds": [],
      "dateCreated": 1664237194356,
      "id": "41fb2d7f-c483-4e09-a1f0-e9909a6b0005",
      "userId": "9b1deb4d-3b7d-4bad-9bdd-2b0d7b110001",
    },
    "payload": {
      "aggregateCompositeIdentifier": {
        "id": "41fb2d7f-c483-4e09-a1f0-e9909a6b0004",
        "type": "song",
      },
      "audioItemId": "9b1deb4d-3b7d-4bad-9bdd-2b0d7b110110",
      "languageCodeForTitle": "clc",
      "title": "test-song-name (language)",
    },
    "type": "SONG_CREATED",
  },
]
`;
