// Jest Snapshot v1, https://goo.gl/fbAQLP

exports[`CommandsService CommandHandlerService.getAllCommandCtorsAndMetadata should return the expected meta 1`] = `
[
  AddWidget {
    "constructor": [Function],
    "meta": {
      "info": "Adds a Widget",
      "label": "Add Widget",
      "type": "ADD_WIDGET",
    },
  },
]
`;
