// Jest Snapshot v1, https://goo.gl/fbAQLP

exports[`buildTreeFromNodes when given a valid tree should return the expected result 1`] = `
{
  "children": [
    {
      "children": [
        {
          "children": [
            {
              "children": [
                {
                  "children": [],
                  "id": "9b1deb4d-3b7d-4bad-9bdd-2b0d7b110008",
                  "label": "wolves",
                  "members": [
                    {
                      "id": "9b1deb4d-3b7d-4bad-9bdd-2b0d7b110101",
                      "type": "spatialFeature",
                    },
                  ],
                  "name": MultilingualText {
                    "items": [
                      MultilingualTextItem {
                        "languageCode": "en",
                        "role": "original",
                        "text": "wolves",
                      },
                    ],
                  },
                },
                {
                  "children": [],
                  "id": "9b1deb4d-3b7d-4bad-9bdd-2b0d7b110010",
                  "label": "domestic dogs",
                  "members": [
                    {
                      "id": "9b1deb4d-3b7d-4bad-9bdd-2b0d7b110001",
                      "type": "photograph",
                    },
                  ],
                  "name": MultilingualText {
                    "items": [
                      MultilingualTextItem {
                        "languageCode": "en",
                        "role": "original",
                        "text": "domestic dogs",
                      },
                    ],
                  },
                },
              ],
              "id": "9b1deb4d-3b7d-4bad-9bdd-2b0d7b110004",
              "label": "canines",
              "members": [
                {
                  "id": "9b1deb4d-3b7d-4bad-9bdd-2b0d7b110002",
                  "type": "term",
                },
                {
                  "id": "9b1deb4d-3b7d-4bad-9bdd-2b0d7b110002",
                  "type": "digitalText",
                },
              ],
              "name": MultilingualText {
                "items": [
                  MultilingualTextItem {
                    "languageCode": "en",
                    "role": "original",
                    "text": "canines",
                  },
                ],
              },
            },
            {
              "children": [
                {
                  "children": [],
                  "id": "9b1deb4d-3b7d-4bad-9bdd-2b0d7b110006",
                  "label": "big cats",
                  "members": [],
                  "name": MultilingualText {
                    "items": [
                      MultilingualTextItem {
                        "languageCode": "en",
                        "role": "original",
                        "text": "big cats",
                      },
                    ],
                  },
                },
                {
                  "children": [],
                  "id": "9b1deb4d-3b7d-4bad-9bdd-2b0d7b110007",
                  "label": "domestic cats",
                  "members": [
                    {
                      "id": "9b1deb4d-3b7d-4bad-9bdd-2b0d7b110002",
                      "type": "vocabularyList",
                    },
                    {
                      "id": "9b1deb4d-3b7d-4bad-9bdd-2b0d7b110000",
                      "type": "photograph",
                    },
                  ],
                  "name": MultilingualText {
                    "items": [
                      MultilingualTextItem {
                        "languageCode": "en",
                        "role": "original",
                        "text": "domestic cats",
                      },
                    ],
                  },
                },
              ],
              "id": "9b1deb4d-3b7d-4bad-9bdd-2b0d7b110005",
              "label": "felines",
              "members": [
                {
                  "id": "9b1deb4d-3b7d-4bad-9bdd-2b0d7b110001",
                  "type": "digitalText",
                },
              ],
              "name": MultilingualText {
                "items": [
                  MultilingualTextItem {
                    "languageCode": "en",
                    "role": "original",
                    "text": "felines",
                  },
                ],
              },
            },
            {
              "children": [],
              "id": "9b1deb4d-3b7d-4bad-9bdd-2b0d7b110011",
              "label": "rodents",
              "members": [
                {
                  "id": "9b1deb4d-3b7d-4bad-9bdd-2b0d7b110024",
                  "type": "book",
                },
              ],
              "name": MultilingualText {
                "items": [
                  MultilingualTextItem {
                    "languageCode": "en",
                    "role": "original",
                    "text": "rodents",
                  },
                ],
              },
            },
          ],
          "id": "9b1deb4d-3b7d-4bad-9bdd-2b0d7b110002",
          "label": "mammals",
          "members": [
            {
              "id": "9b1deb4d-3b7d-4bad-9bdd-2b0d7b110001",
              "type": "term",
            },
            {
              "id": "9b1deb4d-3b7d-4bad-9bdd-2b0d7b110023",
              "type": "book",
            },
            {
              "id": "9b1deb4d-3b7d-4bad-9bdd-2b0d7b110001",
              "type": "song",
            },
          ],
          "name": MultilingualText {
            "items": [
              MultilingualTextItem {
                "languageCode": "en",
                "role": "original",
                "text": "mammals",
              },
            ],
          },
        },
        {
          "children": [],
          "id": "9b1deb4d-3b7d-4bad-9bdd-2b0d7b110003",
          "label": "birds",
          "members": [
            {
              "id": "9b1deb4d-3b7d-4bad-9bdd-2b0d7b110223",
              "type": "video",
            },
          ],
          "name": MultilingualText {
            "items": [
              MultilingualTextItem {
                "languageCode": "en",
                "role": "original",
                "text": "birds",
              },
            ],
          },
        },
      ],
      "id": "9b1deb4d-3b7d-4bad-9bdd-2b0d7b110001",
      "label": "animals",
      "members": [
        {
          "id": "9b1deb4d-3b7d-4bad-9bdd-2b0d7b110001",
          "type": "vocabularyList",
        },
      ],
      "name": MultilingualText {
        "items": [
          MultilingualTextItem {
            "languageCode": "en",
            "role": "original",
            "text": "animals",
          },
        ],
      },
    },
    {
      "children": [
        {
          "children": [
            {
              "children": [
                {
                  "children": [],
                  "id": "9b1deb4d-3b7d-4bad-9bdd-2b0d7b110015",
                  "label": "tools",
                  "members": [
                    {
                      "id": "9b1deb4d-3b7d-4bad-9bdd-2b0d7b110110",
                      "type": "audioItem",
                    },
                  ],
                  "name": MultilingualText {
                    "items": [
                      MultilingualTextItem {
                        "languageCode": "en",
                        "role": "original",
                        "text": "tools",
                      },
                    ],
                  },
                },
              ],
              "id": "9b1deb4d-3b7d-4bad-9bdd-2b0d7b110016",
              "label": "adornments",
              "members": [],
              "name": MultilingualText {
                "items": [
                  MultilingualTextItem {
                    "languageCode": "en",
                    "role": "original",
                    "text": "adornments",
                  },
                ],
              },
            },
            {
              "children": [],
              "id": "9b1deb4d-3b7d-4bad-9bdd-2b0d7b110017",
              "label": "clothing",
              "members": [
                {
                  "id": "9b1deb4d-3b7d-4bad-9bdd-2b0d7b110001",
                  "type": "note",
                },
                {
                  "id": "9b1deb4d-3b7d-4bad-9bdd-2b0d7b110501",
                  "type": "playlist",
                },
              ],
              "name": MultilingualText {
                "items": [
                  MultilingualTextItem {
                    "languageCode": "en",
                    "role": "original",
                    "text": "clothing",
                  },
                ],
              },
            },
            {
              "children": [],
              "id": "9b1deb4d-3b7d-4bad-9bdd-2b0d7b110018",
              "label": "tools",
              "members": [],
              "name": MultilingualText {
                "items": [
                  MultilingualTextItem {
                    "languageCode": "en",
                    "role": "original",
                    "text": "tools",
                  },
                ],
              },
            },
          ],
          "id": "9b1deb4d-3b7d-4bad-9bdd-2b0d7b110013",
          "label": "props",
          "members": [],
          "name": MultilingualText {
            "items": [
              MultilingualTextItem {
                "languageCode": "en",
                "role": "original",
                "text": "props",
              },
            ],
          },
        },
        {
          "children": [],
          "id": "9b1deb4d-3b7d-4bad-9bdd-2b0d7b110014",
          "label": "wardrobe",
          "members": [],
          "name": MultilingualText {
            "items": [
              MultilingualTextItem {
                "languageCode": "en",
                "role": "original",
                "text": "wardrobe",
              },
            ],
          },
        },
      ],
      "id": "9b1deb4d-3b7d-4bad-9bdd-2b0d7b110012",
      "label": "film",
      "members": [],
      "name": MultilingualText {
        "items": [
          MultilingualTextItem {
            "languageCode": "en",
            "role": "original",
            "text": "film",
          },
        ],
      },
    },
  ],
  "id": "9b1deb4d-3b7d-4bad-9bdd-2b0d7b110000",
  "label": "tree of knowledge",
  "members": [],
  "name": MultilingualText {
    "items": [
      MultilingualTextItem {
        "languageCode": "en",
        "role": "original",
        "text": "tree of knowledge",
      },
    ],
  },
}
`;
