// Jest Snapshot v1, https://goo.gl/fbAQLP

exports[`buildPresenterFromDataSchema should render successfully 1`] = `
<body>
  <div>
    <h1>
      Dynamic View
    </h1>
    <div>
      widgetName
      :
      <div>
        Machine
      </div>
    </div>
    <div>
      locationName
      :
      <div>
        Back Red Room 12
      </div>
    </div>
    <div>
      aliases
      :
      <div>
        [super machine,widget king]
      </div>
    </div>
    <div>
      id
      :
      <div>
        25c5824f-6b4b-4341-bb60-3145d8109568
      </div>
    </div>
    <div>
      locationId
      :
      <div>
        25c5824f-6b4b-4341-bb60-3145d8109568
      </div>
    </div>
    <div>
      iconUrl
      :
      <div>
        https://www.mylink.com/uploads/123.png
      </div>
    </div>
    <div />
    <div>
      width
      :
      <div>
        134.5
      </div>
    </div>
    <div>
      averageRating
      :
      <div>
        3.5
      </div>
    </div>
    <div>
      primaryWhatsit
      :
      <div>
        {whatsitName:whatsit 1,whatsitId:25c5824f-6b4b-4341-bb60-3145d8109568}
      </div>
    </div>
    <div />
    <div>
      rawDataObject
      :
      <div>
        {foo:72}
      </div>
    </div>
    <div />
    <div>
      mimeType
      :
      <div>
        audio/mpeg
      </div>
    </div>
    <div>
      role
      :
      <div>
        viewer
      </div>
    </div>
    <div>
      creatorType
      :
      <div>
        artist
      </div>
    </div>
    <div>
      year
      :
      <div>
        1945
      </div>
    </div>
    <div>
      yearUploaded
      :
      <div>
        1999
      </div>
    </div>
    <div>
      numberOfLikes
      :
      <div>
        2
      </div>
    </div>
    <div>
      numberOfDownvotes
      :
      <div>
        501
      </div>
    </div>
    <div>
      requiredISBN
      :
      <div>
        978-3-16-148410-0
      </div>
    </div>
    <div>
      optionalISBN
      :
      <div>
        978-3-16-148410-0
      </div>
    </div>
    <div>
      data
      :
      <div>
        {type:one,strength:85}
      </div>
    </div>
    <div>
      <h1>
        Commands
      </h1>
    </div>
  </div>
</body>
`;
