// Jest Snapshot v1, https://goo.gl/fbAQLP

exports[`Access Control List and Role Based filtering in resource queries when querying for Book when the user is authenticated, and not a project or COSCRAD admin should find unpublished resources when the user is in the ACL 1`] = `
Array [
  Object {
    "author": "John Doeburg",
    "id": "PRIVATE-ACL-OK-0",
    "publicationDate": "2002",
    "subtitle": "The wolf's revenge",
    "tags": Array [],
    "title": "Three Little Pigs",
  },
  Object {
    "author": "John Doeburg",
    "id": "PRIVATE-ACL-OK-1",
    "publicationDate": "2002",
    "subtitle": "The wolf's revenge",
    "tags": Array [],
    "title": "Three Little Pigs",
  },
  Object {
    "author": "John Doeburg",
    "id": "PRIVATE-ACL-OK-2",
    "publicationDate": "2002",
    "subtitle": "The wolf's revenge",
    "tags": Array [],
    "title": "Three Little Pigs",
  },
  Object {
    "author": "John Doeburg",
    "id": "PRIVATE-ACL-OK-3",
    "publicationDate": "2002",
    "subtitle": "The wolf's revenge",
    "tags": Array [],
    "title": "Three Little Pigs",
  },
  Object {
    "author": "John Doeburg",
    "id": "PRIVATE-ACL-OK-4",
    "publicationDate": "2002",
    "subtitle": "The wolf's revenge",
    "tags": Array [],
    "title": "Three Little Pigs",
  },
  Object {
    "author": "John Doeburg",
    "id": "PRIVATE-ACL-OK-5",
    "publicationDate": "2002",
    "subtitle": "The wolf's revenge",
    "tags": Array [],
    "title": "Three Little Pigs",
  },
  Object {
    "author": "John Doeburg",
    "id": "PRIVATE-ACL-OK-6",
    "publicationDate": "2002",
    "subtitle": "The wolf's revenge",
    "tags": Array [],
    "title": "Three Little Pigs",
  },
  Object {
    "author": "John Doeburg",
    "id": "PRIVATE-ACL-OK-7",
    "publicationDate": "2002",
    "subtitle": "The wolf's revenge",
    "tags": Array [],
    "title": "Three Little Pigs",
  },
  Object {
    "author": "John Doeburg",
    "id": "PUBLISHED-8",
    "publicationDate": "2002",
    "subtitle": "The wolf's revenge",
    "tags": Array [],
    "title": "Three Little Pigs",
  },
  Object {
    "author": "John Doeburg",
    "id": "PUBLISHED-9",
    "publicationDate": "2002",
    "subtitle": "The wolf's revenge",
    "tags": Array [],
    "title": "Three Little Pigs",
  },
  Object {
    "author": "John Doeburg",
    "id": "PUBLISHED-10",
    "publicationDate": "2002",
    "subtitle": "The wolf's revenge",
    "tags": Array [],
    "title": "Three Little Pigs",
  },
  Object {
    "author": "John Doeburg",
    "id": "PUBLISHED-11",
    "publicationDate": "2002",
    "subtitle": "The wolf's revenge",
    "tags": Array [],
    "title": "Three Little Pigs",
  },
  Object {
    "author": "John Doeburg",
    "id": "PUBLISHED-12",
    "publicationDate": "2002",
    "subtitle": "The wolf's revenge",
    "tags": Array [],
    "title": "Three Little Pigs",
  },
]
`;
