// Jest Snapshot v1, https://goo.gl/fbAQLP

exports[`buildCommandForm should return the expected result 1`] = `
{
  "fields": [
    {
      "constraints": [
        {
          "message": "must be a non-empty string",
          "name": "non-empty string",
        },
      ],
      "description": "title of the media item in the language",
      "label": "title (language)",
      "name": "title",
      "type": "TEXT_FIELD",
    },
    {
      "constraints": [
        {
          "message": "must be a non-empty string",
          "name": "non-empty string",
        },
      ],
      "description": "title of the media item in the colonial language",
      "label": "title (colonial language)",
      "name": "titleEnglish",
      "type": "TEXT_FIELD",
    },
    {
      "constraints": [
        {
          "message": "must be a URL",
          "name": "URL",
        },
        {
          "message": "must be a defined value",
          "name": "defined value",
        },
      ],
      "description": "a web URL link to a digital version of this media item for playback",
      "label": "audio link",
      "name": "url",
      "type": "TEXT_FIELD",
    },
    {
      "constraints": [
        {
          "message": "Must be a valid \${propertyLabel}",
          "name": "IS_ENUM",
        },
      ],
      "description": "technical specification of the type of media item",
      "label": "MIME Type",
      "name": "mimeType",
      "options": [
        {
          "display": "png",
          "value": "image/png",
        },
        {
          "display": "mp3",
          "value": "audio/mpeg",
        },
        {
          "display": "wav",
          "value": "audio/x-wav",
        },
        {
          "display": "mp4",
          "value": "video/mp4",
        },
        {
          "display": "ogg",
          "value": "video/ogg",
        },
        {
          "display": "webm",
          "value": "video/webm",
        },
      ],
      "type": "STATIC_SELECT",
    },
  ],
  "prepopulatedFields": {},
}
`;
